// Jest Snapshot v1, https://goo.gl/fbAQLP

exports[`ItemDetails for Method renders correctly 1`] = `
<div>
  <div
    className="main-contents"
  >
    <div
      className="detailed-case-component container-fluid"
    >
      <div
        className="row"
      >
        <div
          className="d-none d-sm-block d-md-block d-lg-block d-xl-block sidepanel col col-md-3"
        >
          <div />
          <div />
          <div />
          <div>
            <h2
              className="d-none d-sm-block d-md-block d-lg-block d-xl-block sub-heading"
            >
              <span>
                Data
              </span>
            </h2>
            <div />
            <div />
            <div>
              <p
                className="sub-sub-heading"
              >
                <span>
                  Relevant Links (URLs)
                </span>
              </p>
              <div
                className="links"
              >
                <div>
                  <a
                    href="http://link 1"
                    target="_blank"
                  >
                    link 1
                  </a>
                </div>
                <div>
                  <a
                    href="http://link 2"
                    target="_blank"
                  >
                    link 2
                  </a>
                </div>
                <div>
                  <a
                    href="http://link 3"
                    target="_blank"
                  >
                    link 3
                  </a>
                </div>
              </div>
            </div>
            <div />
            <div />
            <div />
            <div />
            <div />
            <div
              className="linked-property"
            >
              <p
                className="sub-sub-heading"
              >
                <span>
                  Facilitated
                </span>
              </p>
              <div
                className="facilitated"
              >
                <span>
                  False
                </span>
              </div>
            </div>
            <div />
            <div />
            <div />
            <div />
            <div />
            <div />
            <div />
            <div />
            <div />
            <div />
            <div />
            <div />
          </div>
        </div>
        <div
          className="main-area col-12 col-md-6"
        >
          <div
            className="case-box"
          >
            <h3
              className="category"
            >
              <span>
                Method
              </span>
            </h3>
            <h1
              className="case-title"
            >
              Petition
            </h1>
            <ul
              className="icons-mobile clearfix d-md-none d-lg-none d-xl-none"
            >
              <li />
              <li>
                <div
                  className="SocialMediaShareButton SocialMediaShareButton--facebook"
                  onClick={[Function]}
                  onKeyPress={[Function]}
                  role="button"
                  style={Object {}}
                  tabIndex="0"
                >
                  <img
                    alt=""
                    src="pp-case-icon-fb.svg"
                  />
                </div>
              </li>
              <li>
                <div
                  className="SocialMediaShareButton SocialMediaShareButton--twitter"
                  onClick={[Function]}
                  onKeyPress={[Function]}
                  role="button"
                  style={Object {}}
                  tabIndex="0"
                >
                  <img
                    alt=""
                    src="pp-case-icon-tw.svg"
                  />
                </div>
              </li>
              <li>
                <div
                  className="SocialMediaShareButton SocialMediaShareButton--linkedin"
                  onClick={[Function]}
                  onKeyPress={[Function]}
                  role="button"
                  style={Object {}}
                  tabIndex="0"
                >
                  <img
                    alt=""
                    src="pp-case-icon-ln.png"
                  />
                </div>
              </li>
            </ul>
            <div />
            <div
              className="mobile-metadata accordion d-md-none d-lg-none d-xl-none"
            >
              <div
                className="tab"
                onClick={[Function]}
              >
                <h3
                  className="title"
                >
                  <span>
                    Method Data
                  </span>
                </h3>
                <div
                  className="content"
                >
                  <div>
                    <h2
                      className="d-none d-sm-block d-md-block d-lg-block d-xl-block sub-heading"
                    >
                      <span>
                        Data
                      </span>
                    </h2>
                    <div />
                    <div />
                    <div>
                      <p
                        className="sub-sub-heading"
                      >
                        <span>
                          Relevant Links (URLs)
                        </span>
                      </p>
                      <div
                        className="links"
                      >
                        <div>
                          <a
                            href="http://link 1"
                            target="_blank"
                          >
                            link 1
                          </a>
                        </div>
                        <div>
                          <a
                            href="http://link 2"
                            target="_blank"
                          >
                            link 2
                          </a>
                        </div>
                        <div>
                          <a
                            href="http://link 3"
                            target="_blank"
                          >
                            link 3
                          </a>
                        </div>
                      </div>
                    </div>
                    <div />
                    <div />
                    <div />
                    <div />
                    <div />
                    <div
                      className="linked-property"
                    >
                      <p
                        className="sub-sub-heading"
                      >
                        <span>
                          Facilitated
                        </span>
                      </p>
                      <div
                        className="facilitated"
                      >
                        <span>
                          False
                        </span>
                      </div>
                    </div>
                    <div />
                    <div />
                    <div />
                    <div />
                    <div />
                    <div />
                    <div />
                    <div />
                    <div />
                    <div />
                    <div />
                    <div />
                  </div>
                </div>
              </div>
            </div>
            <div
              className="authorship-details"
            >
              <p
                className="author-line"
              >
                First submitted by 
                <a
                  href="/users/undefined"
                  onClick={[Function]}
                >
                  Gsmith
                </a>
              </p>
              <p
                className="date-line"
              >
                <span>
                  November 30, 2011
                </span>
              </p>
              <p
                className="author-line"
              >
                Most recent changes by 
                <a
                  href="/users/undefined"
                  onClick={[Function]}
                >
                  Gsmith
                </a>
              </p>
              <p
                className="date-line"
              >
                <span>
                  December 01, 2011
                </span>
              </p>
            </div>
            <div
              className="case-html"
              dangerouslySetInnerHTML={
                Object {
                  "__html": "**Definition**
                
                **Problems and Purpose**
                
                **History**
                
                **Participant Selection**
                
                **Deliberation, Decisions, and Public Interaction**
                
                **Influence, Outcomes, and Effects**
                
                **Analysis and Criticism**
                
                **Secondary Sources**
                
                **External Links**
                
                **Notes**",
                }
              }
            />
          </div>
        </div>
        <div
          className="case-tools d-none d-sm-block d-md-block d-lg-block d-xl-block col col-md-3"
        >
          <div
            className="top-icons"
          >
            <div
              className="SocialMediaShareButton SocialMediaShareButton--facebook"
              onClick={[Function]}
              onKeyPress={[Function]}
              role="button"
              style={Object {}}
              tabIndex="0"
            >
              <img
                alt=""
                src="pp-case-icon-fb.svg"
              />
            </div>
            <div
              className="SocialMediaShareButton SocialMediaShareButton--twitter"
              onClick={[Function]}
              onKeyPress={[Function]}
              role="button"
              style={Object {}}
              tabIndex="0"
            >
              <img
                alt=""
                src="pp-case-icon-tw.svg"
              />
            </div>
            <div
              className="SocialMediaShareButton SocialMediaShareButton--linkedin"
              onClick={[Function]}
              onKeyPress={[Function]}
              role="button"
              style={Object {}}
              tabIndex="0"
            >
              <img
                alt=""
                src="pp-case-icon-ln.png"
              />
            </div>
          </div>
        </div>
      </div>
    </div>
    <a
      href="/method/undefined/edit"
      onClick={[Function]}
    />
  </div>
</div>
`;

exports[`Method editor renders correctly 1`] = `
<form
  onSubmit={[Function]}
>
  <div
    className="main-contents"
  >
    <div
      className="detailed-case-component container-fluid"
    >
      <div
        className="d-none d-sm-block d-md-block d-lg-block d-xl-block sidepanel col col-md-3"
      />
      <div
        className="ml-auto mr-auto col col-md-6"
      >
        <div
          className="case-box"
        >
          <div
            className="field-case top"
          >
            <h2
              className="sub-heading"
            >
              <label
                htmlFor="title"
              >
                <span>
                  Title of Method
                </span>
              </label>
            </h2>
            <p
              className="explanatory-text"
            >
              <span>
                method_title_placeholder
              </span>
            </p>
            <Textfield
              className="custom-field"
              disabled={false}
              errorText={undefined}
              floatingLabelText=""
              fullWidth={true}
              hintText={null}
              name="title"
              onBlur={[Function]}
              onChange={[Function]}
              onKeyDown={[Function]}
              placeholder=""
              type="text"
              value="Petition"
            />
          </div>
          <div
            className="field-case"
          >
            <h2
              className="sub-heading"
            >
              <span>
                Relevant Links (URLs)
              </span>
            </h2>
            <div>
              <h3
                className="sub-heading"
              >
                Relevant Links (URLs)
              </h3>
              <p
                className="explanatory-text"
              >
                <span>
                  If there is a main website for this case, enter it here. Add links to additional sources so that readers and editors can find more information about this case online. 
                </span>
              </p>
              <div
                className="list links"
              />
            </div>
          </div>
          <div
            className="field-case media"
          >
            <h2
              className="sub-heading"
            >
              <span>
                Media
              </span>
            </h2>
            <h3
              className="sub-sub-heading"
            >
              <span>
                Photos
              </span>
            </h3>
            <div>
              <div
                className="itemPics row"
              />
              <p
                className="explanatory-text"
              >
                <span>
                  Select a photo from your device.
                </span>
              </p>
              <div>
                <span>
                  Sorry, upload only works if you're logged in.
                </span>
              </div>
            </div>
            <h3
              className="sub-sub-heading pt-4"
            >
              <span>
                Videos
              </span>
            </h3>
            <div>
              <h3
                className="sub-heading"
              >
                Videos
              </h3>
              <p
                className="explanatory-text"
              >
                <span>
                  Add a video link (Vimeo or YouTube)
                </span>
              </p>
              <div
                className="list videos"
              />
            </div>
          </div>
          <div
            className="field-case"
          >
            <h2
              className="sub-heading"
            >
              <span>
                Tags
              </span>
            </h2>
            <div>
              <h3
                className="sub-heading"
              >
                <span>
                  Tags
                </span>
              </h3>
              <p
                className="explanatory-text"
              >
                <span>
                  Select tags that best describe this case.
                </span>
              </p>
            </div>
          </div>
        </div>
        <div>
          <div>
            <div
              className="field-case select"
            >
              <h3
                className="sub-heading"
              >
                General Issues
              </h3>
              <p
                className="explanatory-text"
              >
                <span
                  dangerouslySetInnerHTML={
                    Object {
                      "__html": "Select an issue",
                    }
                  }
                />
              </p>
            </div>
            <div
              className="field-case"
            >
              <h2
                className="sub-heading"
                htmlFor="body_en"
              >
                Method description
              </h2>
            </div>
            <div
              className="field-case select"
            >
              <h3
                className="sub-heading"
              >
                Kind of influence
              </h3>
              <p
                className="explanatory-text"
              >
                <span
                  dangerouslySetInnerHTML={
                    Object {
                      "__html": "Select kind of influence",
                    }
                  }
                />
              </p>
            </div>
            <div
              className="field-case select"
            >
              <h3
                className="sub-heading"
              >
                Communication Mode
              </h3>
              <p
                className="explanatory-text"
              >
                <span
                  dangerouslySetInnerHTML={
                    Object {
                      "__html": "Select a communication mode",
                    }
                  }
                />
              </p>
            </div>
            <div
              className="field-case select"
            >
              <h3
                className="sub-heading"
              >
                Communication with audience
              </h3>
              <p
                className="explanatory-text"
              >
                <span
                  dangerouslySetInnerHTML={
                    Object {
                      "__html": "Select a communication with audience",
                    }
                  }
                />
              </p>
            </div>
            <div
              className="field-case select"
            >
              <h3
                className="sub-heading"
              >
                Face-to-face, online or both
              </h3>
              <p
                className="explanatory-text"
              >
                <span
                  dangerouslySetInnerHTML={
                    Object {
                      "__html": "Did participants interact face-to-face, online, or both?",
                    }
                  }
                />
              </p>
            </div>
            <div
              className="field-case"
            >
              <h2
                className="sub-heading boolean"
              >
                <span>
                  Facilitated
                </span>
              </h2>
              <div
                className="facilitated"
              />
            </div>
            <div
              className="field-case select"
            >
              <h3
                className="sub-heading"
              >
                Best for
              </h3>
              <p
                className="explanatory-text"
              >
                <span
                  dangerouslySetInnerHTML={
                    Object {
                      "__html": "Select Best for",
                    }
                  }
                />
              </p>
            </div>
            <div
              className="field-case select"
            >
              <h3
                className="sub-heading"
              >
                Decision method
              </h3>
              <p
                className="explanatory-text"
              >
                <span
                  dangerouslySetInnerHTML={
                    Object {
                      "__html": "Select a decision method",
                    }
                  }
                />
              </p>
            </div>
            <div
              className="field-case select"
            >
              <h3
                className="sub-heading"
              >
                Governance contribution
              </h3>
              <p
                className="explanatory-text"
              >
                <span
                  dangerouslySetInnerHTML={
                    Object {
                      "__html": "Select Governance contribution",
                    }
                  }
                />
              </p>
            </div>
            <div
              className="field-case select"
            >
              <h3
                className="sub-heading"
              >
                Issue interdependency
              </h3>
              <p
                className="explanatory-text"
              >
                <span
                  dangerouslySetInnerHTML={
                    Object {
                      "__html": "Select Issue interdependency",
                    }
                  }
                />
              </p>
            </div>
            <div
              className="field-case select"
            >
              <h3
                className="sub-heading"
              >
                Issue polarization
              </h3>
              <p
                className="explanatory-text"
              >
                <span
                  dangerouslySetInnerHTML={
                    Object {
                      "__html": "Select Issue polarization",
                    }
                  }
                />
              </p>
            </div>
            <div
              className="field-case select"
            >
              <h3
                className="sub-heading"
              >
                Issue technical complexity
              </h3>
              <p
                className="explanatory-text"
              >
                <span
                  dangerouslySetInnerHTML={
                    Object {
                      "__html": "Select Issue technical complexity",
                    }
                  }
                />
              </p>
            </div>
            <div
              className="field-case select"
            >
              <h3
                className="sub-heading"
              >
                Public interaction method
              </h3>
              <p
                className="explanatory-text"
              >
                <span
                  dangerouslySetInnerHTML={
                    Object {
                      "__html": "Select Public interaction method",
                    }
                  }
                />
              </p>
            </div>
            <div
              className="field-case select"
            >
              <h3
                className="sub-heading"
              >
                Method of interaction
              </h3>
              <p
                className="explanatory-text"
              >
                <span
                  dangerouslySetInnerHTML={
                    Object {
                      "__html": "Select Method of interaction",
                    }
                  }
                />
              </p>
            </div>
            <div
              className="field-case select"
            >
              <h3
                className="sub-heading"
              >
                Typical funding source
              </h3>
              <p
                className="explanatory-text"
              >
                <span
                  dangerouslySetInnerHTML={
                    Object {
                      "__html": "Select Typical funding source",
                    }
                  }
                />
              </p>
            </div>
            <div
              className="field-case select"
            >
              <h3
                className="sub-heading"
              >
                Type of implementing entity
              </h3>
              <p
                className="explanatory-text"
              >
                <span
                  dangerouslySetInnerHTML={
                    Object {
                      "__html": "Select type of implementing entity",
                    }
                  }
                />
              </p>
            </div>
            <div
              className="field-case select"
            >
              <h3
                className="sub-heading"
              >
                Type of sponsoring entity
              </h3>
              <p
                className="explanatory-text"
              >
                <span
                  dangerouslySetInnerHTML={
                    Object {
                      "__html": "Select type of sponsoring entity",
                    }
                  }
                />
              </p>
            </div>
            <div
              className="field-case last related"
            >
              <h2
                className="sub-heading"
              >
                <span>
                  Related Content
                </span>
              </h2>
              <div
                className="related-content"
              >
                <h3
                  className="sub-sub-heading"
                >
                  <span>
                    Related Cases
                  </span>
                </h3>
                <div>
                  <h3
                    className="sub-heading"
                  >
                    <span>
                      Related Cases
                    </span>
                  </h3>
                  <p
                    className="explanatory-text"
                  >
                    <span>
                      Begin typing the title of an existing case
                    </span>
                  </p>
                </div>
                <h3
                  className="sub-sub-heading mt-3"
                >
                  <span>
                    Related Methods
                  </span>
                </h3>
                <div>
                  <h3
                    className="sub-heading"
                  >
                    <span>
                      Related Methods
                    </span>
                  </h3>
                  <p
                    className="explanatory-text"
                  >
                    <span>
                      Begin typing the title of an existing method
                    </span>
                  </p>
                </div>
                <h3
                  className="sub-sub-heading mt-3"
                >
                  <span>
                    Related Organizations
                  </span>
                </h3>
                <div>
                  <h3
                    className="sub-heading"
                  >
                    <span>
                      Related Organizations
                    </span>
                  </h3>
                  <p
                    className="explanatory-text"
                  >
                    <span>
                      Begin typing the title of an existing organization
                    </span>
                  </p>
                </div>
              </div>
            </div>
          </div>
        </div>
      </div>
    </div>
  </div>
</form>
`;
