// Jest Snapshot v1, https://goo.gl/fbAQLP

exports[`ItemDetails for Organization renders correctly 1`] = `
<div>
  <div
    className="main-contents"
  >
    <div
      className="detailed-case-component container-fluid"
    >
      <div
        className="row"
      >
        <div
          className="d-none d-sm-block d-md-block d-lg-block d-xl-block sidepanel col col-md-3"
        >
          <div />
          <div />
          <div
            className="d-none d-sm-block d-md-block d-lg-block d-xl-block case-map"
          >
            <div
              dangerouslySetInnerHTML={
                Object {
                  "__html": "",
                }
              }
            />
            <p
              className="case-location"
            >
              Italy
            </p>
          </div>
          <div />
          <div>
            <div
              className="d-none d-sm-block d-md-block d-lg-block d-xl-block case-map"
            >
              <div
                dangerouslySetInnerHTML={
                  Object {
                    "__html": "",
                  }
                }
              />
              <p
                className="case-location"
              >
                Italy
              </p>
            </div>
            <p
              className="d-none d-sm-block d-md-block d-lg-block d-xl-block sub-heading"
            >
              <span>
                Data
              </span>
            </p>
            <div>
              <p
                className="sub-sub-heading"
              >
                Tags
              </p>
              <div
                className="tags blond"
              >
                <span>
                  civic engagement
                  ,
                </span>
                <span>
                  digital participation
                  ,
                </span>
                <span>
                  planning
                  ,
                </span>
                <span>
                  public
                </span>
              </div>
            </div>
            <div>
              <p
                className="sub-sub-heading"
              >
                <span>
                  Relevant Links (URLs)
                </span>
              </p>
              <div
                className="links"
              >
                <div>
                  <a
                    href="http://link 1"
                    target="_blank"
                  >
                    link 1
                  </a>
                </div>
                <div>
                  <a
                    href="http://link 2"
                    target="_blank"
                  >
                    link 2
                  </a>
                </div>
                <div>
                  <a
                    href="http://link 3"
                    target="_blank"
                  >
                    link 3
                  </a>
                </div>
              </div>
            </div>
            <div />
          </div>
        </div>
        <div
          className="main-area col-12 col-md-6"
        >
          <div
            className="case-box"
          >
            <h3
              className="category"
            >
              <span>
                Organization
              </span>
            </h3>
            <h1
              className="case-title"
            >
              Urban Interactive Studio
            </h1>
            <ul
              className="icons-mobile clearfix d-md-none d-lg-none d-xl-none"
            >
              <li />
              <li>
                <div
                  className="SocialMediaShareButton SocialMediaShareButton--facebook"
                  onClick={[Function]}
                  onKeyPress={[Function]}
                  role="button"
                  style={Object {}}
                  tabIndex="0"
                >
                  <img
                    alt=""
                    src="pp-case-icon-fb.svg"
                  />
                </div>
              </li>
              <li>
                <div
                  className="SocialMediaShareButton SocialMediaShareButton--twitter"
                  onClick={[Function]}
                  onKeyPress={[Function]}
                  role="button"
                  style={Object {}}
                  tabIndex="0"
                >
                  <img
                    alt=""
                    src="pp-case-icon-tw.svg"
                  />
                </div>
              </li>
              <li>
                <div
                  className="SocialMediaShareButton SocialMediaShareButton--linkedin"
                  onClick={[Function]}
                  onKeyPress={[Function]}
                  role="button"
                  style={Object {}}
                  tabIndex="0"
                >
                  <img
                    alt=""
                    src="pp-case-icon-ln.png"
                  />
                </div>
              </li>
            </ul>
            <div
              className="single-image"
            >
              <img
                alt={undefined}
                className="portrait"
                sizes={undefined}
                src="https://s3.amazonaws.com/uploads.participedia.xyz/uis_favicon_0.png"
                srcSet={undefined}
              />
            </div>
            <div
              className="mobile-metadata accordion d-md-none d-lg-none d-xl-none"
            >
              <div
                className="tab"
                onClick={[Function]}
              >
                <h3
                  className="title"
                >
                  <span>
                    Related Content
                  </span>
                </h3>
                <div
                  className="content"
                >
                  <div />
                </div>
              </div>
              <div
                className="tab"
                onClick={[Function]}
              >
                <h3
                  className="title"
                >
                  <span>
                    Organization Data
                  </span>
                </h3>
                <div
                  className="content"
                >
                  <div>
                    <div
                      className="d-none d-sm-block d-md-block d-lg-block d-xl-block case-map"
                    >
                      <div
                        dangerouslySetInnerHTML={
                          Object {
                            "__html": "",
                          }
                        }
                      />
                      <p
                        className="case-location"
                      >
                        Italy
                      </p>
                    </div>
                    <p
                      className="d-none d-sm-block d-md-block d-lg-block d-xl-block sub-heading"
                    >
                      <span>
                        Data
                      </span>
                    </p>
                    <div>
                      <p
                        className="sub-sub-heading"
                      >
                        Tags
                      </p>
                      <div
                        className="tags blond"
                      >
                        <span>
                          civic engagement
                          ,
                        </span>
                        <span>
                          digital participation
                          ,
                        </span>
                        <span>
                          planning
                          ,
                        </span>
                        <span>
                          public
                        </span>
                      </div>
                    </div>
                    <div>
                      <p
                        className="sub-sub-heading"
                      >
                        <span>
                          Relevant Links (URLs)
                        </span>
                      </p>
                      <div
                        className="links"
                      >
                        <div>
                          <a
                            href="http://link 1"
                            target="_blank"
                          >
                            link 1
                          </a>
                        </div>
                        <div>
                          <a
                            href="http://link 2"
                            target="_blank"
                          >
                            link 2
                          </a>
                        </div>
                        <div>
                          <a
                            href="http://link 3"
                            target="_blank"
                          >
                            link 3
                          </a>
                        </div>
                      </div>
                    </div>
                    <div />
                  </div>
                </div>
              </div>
            </div>
            <div
              className="authorship-details"
            >
              <p
                className="author-line"
              >
                First submitted byÂ 
                <a
                  href="/users/undefined"
                  onClick={[Function]}
                >
                  ecrespin
                </a>
              </p>
              <p
                className="date-line"
              >
                <span>
                  May 13, 2015
                </span>
              </p>
              <p
                className="author-line"
              >
                Most recent changes byÂ 
                <a
                  href="/users/undefined"
                  onClick={[Function]}
                >
                  ecrespin
                </a>
              </p>
              <p
                className="date-line"
              >
                <span>
                  May 13, 2015
                </span>
              </p>
            </div>
            <div
              className="case-html"
              dangerouslySetInnerHTML={
                Object {
                  "__html": "<h3>Mission and Purpose</h3><p><a href=\\"http://www.urbaninteractivestudio.com\\">Urban Interactive Studio</a> believes that communities should be shaped by people with the assistance of experts, rather than handed down as a finished product. The UIS mission is to give people a voice in shaping the future of their communities.</p><h3>Founder and Philosophy</h3><p>Chris Haller, the CEO and Founder of Urban Interactive Studio,Â is a nationally-recognized User Experience designer and Online Engagement strategist with a broad background in local government, urban and regional planning and communication technologies. In April 2011 he was named one of Planetizen's Top 25 thinkers in Urban Planning Technology, and he brings a sense of creativity and curiosity to all of UIS's clients and projects.</p><p>UIS believes that people and their diverse perspectives are the key to livable communities. But growing use of Web and mobile technology means that traditional methods of public participation like in-person meetings need to be supplemented with digital activities.Â UIS makes these digital activites intuitive so that complex information is easily accessible to citizens and they are in the driverâs seat as they explore and provide feedback on options related the future of their community.</p><p>Urban Interactive Studio also publishes <a href=\\"http://www.engagingcities.com\\">EngagingCities</a>, the prominent online magazine that shares creative strategies and new technologies to foster public engagement for livable communities.</p><h3>Specializations, Tools and Projects</h3><p>Urban Interactive Studio is a cross-disciplinary team of planners, designers and web developers that specializes in providingÂ <strong>intuitive solutions for digital public engagement</strong>. Weâre a small but steadily growing firm at the cutting edge of public process, helping local governments, elected officials, planning and engineering firms, and nonprofits educate, inform and learn from citizens and stakeholders.</p><p>UIS's flagship product,<a href=\\"http://www.urbaninteractivestudio.com/engagingplans\\"> EngagingPlans</a>, is an interactive public engagement platform that enables project teams to facilitate broad-scale public outreach and participation. The EngagingPlansÂ Core includes project updates, event calendars and timelines, a searchable document library, FAQs, a survey builder, polls and open questions.</p><p>The <a href=\\"http://www.urbaninteractivestudio.com/appsuite\\">EngagingPlans App Suite</a> extends Core functionality with a range of apps that offer unique, intuitive opportunities for public involvement and feedback. From community mapping to interactive plan documents, these apps can be tailored to meet the engagement objectives of each project phase.</p><p>UIS has worked with dozens of clients across the country and globe to help connect experts and civic leaders with the local insights necessary to build the best communities possible. Many <a href=\\"http://www.urbaninteractivestudio.com/blog\\">past project stories</a> are chronicled on the blog.</p><h3>External Links</h3><p><a href=\\"http://www.urbaninteractivestudio.com\\">http://www.urbaninteractivestudio.com</a></p><p><a href=\\"http://twitter.com/urbaninteractiv\\">@urbaninteractiv</a></p><p><a href=\\"http://twitter.com/challer\\">@challer</a></p><p><a href=\\"http://www.engagingcities.com\\">http://www.engagingcities.com</a></p><p><a href=\\"http://twitter.com/engagingcities\\">@engagingcities</a></p>",
                }
              }
            />
          </div>
        </div>
        <div
          className="case-tools d-none d-sm-block d-md-block d-lg-block d-xl-block col col-md-3"
        >
          <div
            className="top-icons"
          >
            <div
              className="SocialMediaShareButton SocialMediaShareButton--facebook"
              onClick={[Function]}
              onKeyPress={[Function]}
              role="button"
              style={Object {}}
              tabIndex="0"
            >
              <img
                alt=""
                src="pp-case-icon-fb.svg"
              />
            </div>
            <div
              className="SocialMediaShareButton SocialMediaShareButton--twitter"
              onClick={[Function]}
              onKeyPress={[Function]}
              role="button"
              style={Object {}}
              tabIndex="0"
            >
              <img
                alt=""
                src="pp-case-icon-tw.svg"
              />
            </div>
            <div
              className="SocialMediaShareButton SocialMediaShareButton--linkedin"
              onClick={[Function]}
              onKeyPress={[Function]}
              role="button"
              style={Object {}}
              tabIndex="0"
            >
              <img
                alt=""
                src="pp-case-icon-ln.png"
              />
            </div>
          </div>
        </div>
      </div>
    </div>
    <a
      href="/organization/undefined/edit"
      onClick={[Function]}
    />
  </div>
</div>
`;

exports[`Organization editor renders correctly 1`] = `
<form
  onSubmit={[Function]}
>
  <div
    className="main-contents"
  >
    <div
      className="detailed-case-component container-fluid"
    >
      <div
        className="d-none d-sm-block d-md-block d-lg-block d-xl-block sidepanel col col-md-3"
      />
      <div
        className="ml-auto mr-auto col col-md-6"
      >
        <div
          className="case-box"
        >
          <div
            className="field-case top"
          >
            <h2
              className="sub-heading"
            >
              <label
                htmlFor="title"
              >
                Title of Organization
              </label>
            </h2>
            <Textfield
              className="custom-field org-title"
              disabled={false}
              errorText={undefined}
              floatingLabelText=""
              fullWidth={true}
              hintText={null}
              name="title"
              onBlur={[Function]}
              onChange={[Function]}
              onKeyDown={[Function]}
              placeholder="organization_title_placeholder"
              type="text"
              value="Urban Interactive Studio"
            />
          </div>
          <div
            className="case-location"
          >
            <div>
              <h3
                className="sub-heading"
              >
                location_placeholder
              </h3>
              <p
                className="explanatory-text"
              >
                Type to search for known location
              </p>
              <div
                className="location"
              />
            </div>
          </div>
          <div
            className="field-case"
          >
            <h2
              className="sub-heading"
            >
              Relevant Links (URLs)
            </h2>
            <div>
              <h3
                className="sub-heading"
              >
                Relevant Links (URLs)
              </h3>
              <p
                className="explanatory-text"
              >
                <span>
                  If there is a main website for this case, enter it here. Add links to additional sources so that readers and editors can find more information about this case online. 
                </span>
              </p>
              <div
                className="list links"
              />
            </div>
          </div>
          <div
            className="field-case media"
          >
            <h2
              className="sub-heading"
            >
              <span>
                Media
              </span>
            </h2>
            <h3
              className="sub-sub-heading"
            >
              <span>
                Photos
              </span>
            </h3>
            <div>
              <div
                className="itemPics row"
              >
                <div
                  className="pl-0 box-container col-12 col-md-6 col-lg-4"
                >
                  <div
                    className="box lead"
                  >
                    <div
                      className="checkbox"
                      onClick={[Function]}
                    />
                    <div
                      className="trash"
                      onClick={[Function]}
                    />
                    <img
                      alt=""
                      className="img-fluid"
                      src="http://uploads.participedia.xyz.s3-website-us-east-1.amazonaws.com/uis_favicon_0.png"
                      style={
                        Object {
                          "height": "100%",
                          "objectFit": "contain",
                          "width": "100%",
                        }
                      }
                    />
                  </div>
                </div>
              </div>
              <p
                className="explanatory-text"
              >
                <span>
                  Select a photo from your device.
                </span>
              </p>
              <div>
                <span>
                  Sorry, upload only works if you're logged in.
                </span>
              </div>
            </div>
            <h3
              className="sub-sub-heading pt-4"
            >
              <span>
                Videos
              </span>
            </h3>
            <div>
              <h3
                className="sub-heading"
              >
                Videos
              </h3>
              <p
                className="explanatory-text"
              >
                <span>
                  Add a video link (Vimeo or YouTube)
                </span>
              </p>
              <div
                className="list videos"
              />
            </div>
          </div>
          <div
            className="field-case"
          >
            <h2
              className="sub-heading"
            >
              Tags
            </h2>
            <div
              className="tags-field"
            >
              <div>
                <h3
                  className="sub-heading"
                >
                  <span>
                    Tags
                  </span>
                </h3>
                <p
                  className="explanatory-text"
                >
                  <span>
                    Select tags that best describe this case.
                  </span>
                </p>
              </div>
            </div>
          </div>
        </div>
        <div>
          <div>
            <div
              className="field-case"
            >
              <h2
                className="sub-heading"
              >
                Executive Director
              </h2>
              <p
                className="explanatory-text"
              >
                executive_director_placeholder
              </p>
              <div
                className="executive_director"
              >
                <Textfield
                  className="custom-field"
                  fullWidth={true}
                  name="executive_director"
                  onChange={[Function]}
                  value=""
                />
              </div>
            </div>
            <div
              className="field-case select"
            >
              <h3
                className="sub-heading"
              >
                Sector
              </h3>
              <p
                className="explanatory-text"
              >
                <span
                  dangerouslySetInnerHTML={
                    Object {
                      "__html": "Select Sector",
                    }
                  }
                />
              </p>
            </div>
            <div
              className="field-case select"
            >
              <h3
                className="sub-heading"
              >
                Specific topic
              </h3>
              <p
                className="explanatory-text"
              >
                <span
                  dangerouslySetInnerHTML={
                    Object {
                      "__html": "specific_topic_instructional",
                    }
                  }
                />
              </p>
            </div>
            <div
              className="field-case"
            >
              <h2
                className="sub-heading"
                htmlFor="body_en"
              >
                Description of the organization
              </h2>
            </div>
            <div
              className="field-case last related"
            >
              <h2
                className="sub-heading"
              >
                Related Content
              </h2>
              <div
                className="related-content"
              >
                <h3
                  className="sub-sub-heading"
                >
                  Related Cases
                </h3>
                <div>
                  <h3
                    className="sub-heading"
                  >
                    <span>
                      Related Cases
                    </span>
                  </h3>
                  <p
                    className="explanatory-text"
                  >
                    <span>
                      Begin typing the title of an existing case
                    </span>
                  </p>
                </div>
                <h3
                  className="sub-sub-heading mt-3"
                >
                  Related Methods
                </h3>
                <div>
                  <h3
                    className="sub-heading"
                  >
                    <span>
                      Related Methods
                    </span>
                  </h3>
                  <p
                    className="explanatory-text"
                  >
                    <span>
                      Begin typing the title of an existing method
                    </span>
                  </p>
                </div>
                <h3
                  className="sub-sub-heading mt-3"
                >
                  Related Organizations
                </h3>
                <div>
                  <h3
                    className="sub-heading"
                  >
                    <span>
                      Related Organizations
                    </span>
                  </h3>
                  <p
                    className="explanatory-text"
                  >
                    <span>
                      Begin typing the title of an existing organization
                    </span>
                  </p>
                </div>
              </div>
            </div>
          </div>
        </div>
      </div>
    </div>
  </div>
</form>
`;
